../Core/Src/main.c:67:6:laser_shoot	8	static
../Core/Src/main.c:76:5:travel	16	static
../Core/Src/main.c:105:6:check_PB	16	static
../Core/Src/main.c:168:6:last	80	static
../Core/Src/main.c:205:6:check_status	120	static
../Core/Src/main.c:262:6:monitoring	216	static
../Core/Src/main.c:395:6:standby_mode	8	static
../Core/Src/main.c:401:6:battle_mode	8	static
../Core/Src/main.c:407:5:main	8	static
../Core/Src/main.c:438:6:HAL_GPIO_EXTI_Callback	16	static
../Core/Src/main.c:451:13:UART1_Init	32	static
