../Drivers/BSP/Components/M24SR/m24sr_v1.1.c:1556:17:M24SR_IsAnswerReady	24	static
../Drivers/BSP/Components/M24SR/m24sr_v1.1.c:330:17:M24SR_ComputeCrc	8	static
../Drivers/BSP/Components/M24SR/m24sr_v1.1.c:353:17:M24SR_IsCorrectCRC16Residue	16	static
../Drivers/BSP/Components/M24SR/m24sr_v1.1.c:391:13:M24SR_BuildIBlockCommand.constprop.isra	24	static
../Drivers/BSP/Components/M24SR/m24sr_v1.1.c:579:6:M24SR_GPO_Callback	0	static
../Drivers/BSP/Components/M24SR/m24sr_v1.1.c:593:10:M24SR_GetSession	16	static
../Drivers/BSP/Components/M24SR/m24sr_v1.1.c:619:10:M24SR_KillSession	16	static
../Drivers/BSP/Components/M24SR/m24sr_v1.1.c:644:10:M24SR_Deselect	24	static
../Drivers/BSP/Components/M24SR/m24sr_v1.1.c:675:10:M24SR_SelectApplication	56	static
../Drivers/BSP/Components/M24SR/m24sr_v1.1.c:728:10:M24SR_SelectCCfile	48	static
../Drivers/BSP/Components/M24SR/m24sr_v1.1.c:779:10:M24SR_SelectSystemfile	48	static
../Drivers/BSP/Components/M24SR/m24sr_v1.1.c:831:10:M24SR_SelectNDEFfile	48	static
../Drivers/BSP/Components/M24SR/m24sr_v1.1.c:884:10:M24SR_ReadBinary	56	static
../Drivers/BSP/Components/M24SR/m24sr_v1.1.c:933:10:M24SR_STReadBinary	56	static
../Drivers/BSP/Components/M24SR/m24sr_v1.1.c:982:10:M24SR_UpdateBinary	64	static
../Drivers/BSP/Components/M24SR/m24sr_v1.1.c:1044:10:M24SR_Verify	56	static
../Drivers/BSP/Components/M24SR/m24sr_v1.1.c:1114:10:M24SR_ChangeReferenceData	56	static
../Drivers/BSP/Components/M24SR/m24sr_v1.1.c:1170:10:M24SR_EnableVerificationRequirement	48	static
../Drivers/BSP/Components/M24SR/m24sr_v1.1.c:1222:10:M24SR_DisableVerificationRequirement	48	static
../Drivers/BSP/Components/M24SR/m24sr_v1.1.c:1274:10:M24SR_EnablePermanentState	48	static
../Drivers/BSP/Components/M24SR/m24sr_v1.1.c:1325:10:M24SR_DisablePermanentState	48	static
../Drivers/BSP/Components/M24SR/m24sr_v1.1.c:1478:10:M24SR_ManageI2CGPO	48	static
../Drivers/BSP/Components/M24SR/m24sr_v1.1.c:540:6:M24SR_Init	16	static
../Drivers/BSP/Components/M24SR/m24sr_v1.1.c:1374:10:M24SR_SendInterrupt	48	static
../Drivers/BSP/Components/M24SR/m24sr_v1.1.c:1422:10:M24SR_StateControl	48	static
../Drivers/BSP/Components/M24SR/m24sr_v1.1.c:1525:10:M24SR_ManageRFGPO	48	static
../Drivers/BSP/Components/M24SR/m24sr_v1.1.c:1616:6:M24SR_RFConfig	0	static
